main.c:95:5:main	56	static
main.c:236:6:SystemClock_Config	72	static
main.c:274:13:MX_I2C1_Init	8	static
main.c:308:13:MX_TIM2_Init	48	static
main.c:357:13:MX_TIM3_Init	64	static
main.c:416:13:MX_USART2_UART_Init	8	static
main.c:449:13:MX_USART3_UART_Init	8	static
main.c:482:13:MX_GPIO_Init	40	static
main.c:525:6:getPowersFromReading	32	static
main.c:561:5:getAverage	32	static
main.c:572:9:isOutlierInArray	48	static
main.c:581:7:get_position	80	static
main.c:619:6:Error_Handler	4	static
